  Geri y├╝klenecek projeler belirleniyor...
  Geri y├╝kleme i├ğin t├╝m projeler g├╝ncel.
  Fuzz.Domain -> C:\Users\sarib\Desktop\HakanCalismalar\Blazor\AgentTest\Fuzz.Domain\bin\Debug\net10.0\Fuzz.Domain.dll
  Fuzz.Web.Client -> C:\Users\sarib\Desktop\HakanCalismalar\Blazor\AgentTest\Fuzz.Web.Client\bin\Debug\net10.0\Fuzz.Web.Client.dll
  Fuzz.Web.Client (Blazor output) -> C:\Users\sarib\Desktop\HakanCalismalar\Blazor\AgentTest\Fuzz.Web.Client\bin\Debug\net10.0\wwwroot
C:\Program Files\dotnet\sdk\10.0.102\Microsoft.Common.CurrentVersion.targets(5080,5): warning MSB3026: "C:\Users\sarib\Desktop\HakanCalismalar\Blazor\AgentTest\Fuzz.Web.Client\bin\Debug\net10.0\Fuzz.Web.Client.dll", "bin\Debug\net10.0\Fuzz.Web.Client.dll" ├╝zerine kopyalanamad─▒. 1 numaral─▒ yeniden denemeye 1000 ms i├ğinde ba┼şlanacak. The process cannot access the file 'C:\Users\sarib\Desktop\HakanCalismalar\Blazor\AgentTest\Fuzz.Web\bin\Debug\net10.0\Fuzz.Web.Client.dll' because it is being used by another process. Dosya ┼şunun taraf─▒ndan kilitlendi: "Fuzz.Web (9604)" [C:\Users\sarib\Desktop\HakanCalismalar\Blazor\AgentTest\Fuzz.Web\Fuzz.Web.csproj]
C:\Program Files\dotnet\sdk\10.0.102\Microsoft.Common.CurrentVersion.targets(5080,5): warning MSB3026: "C:\Users\sarib\Desktop\HakanCalismalar\Blazor\AgentTest\Fuzz.Domain\bin\Debug\net10.0\Fuzz.Domain.dll", "bin\Debug\net10.0\Fuzz.Domain.dll" ├╝zerine kopyalanamad─▒. 1 numaral─▒ yeniden denemeye 1000 ms i├ğinde ba┼şlanacak. The process cannot access the file 'C:\Users\sarib\Desktop\HakanCalismalar\Blazor\AgentTest\Fuzz.Web\bin\Debug\net10.0\Fuzz.Domain.dll' because it is being used by another process. Dosya ┼şunun taraf─▒ndan kilitlendi: "Microsoft Visual Studio 2022 (12804), Fuzz.Web (9604)" [C:\Users\sarib\Desktop\HakanCalismalar\Blazor\AgentTest\Fuzz.Web\Fuzz.Web.csproj]
C:\Program Files\dotnet\sdk\10.0.102\Microsoft.Common.CurrentVersion.targets(5080,5): warning MSB3026: "C:\Users\sarib\Desktop\HakanCalismalar\Blazor\AgentTest\Fuzz.Web.Client\bin\Debug\net10.0\Fuzz.Web.Client.dll", "bin\Debug\net10.0\Fuzz.Web.Client.dll" ├╝zerine kopyalanamad─▒. 2 numaral─▒ yeniden denemeye 1000 ms i├ğinde ba┼şlanacak. The process cannot access the file 'C:\Users\sarib\Desktop\HakanCalismalar\Blazor\AgentTest\Fuzz.Web\bin\Debug\net10.0\Fuzz.Web.Client.dll' because it is being used by another process. Dosya ┼şunun taraf─▒ndan kilitlendi: "Fuzz.Web (9604)" [C:\Users\sarib\Desktop\HakanCalismalar\Blazor\AgentTest\Fuzz.Web\Fuzz.Web.csproj]
C:\Program Files\dotnet\sdk\10.0.102\Microsoft.Common.CurrentVersion.targets(5080,5): warning MSB3026: "C:\Users\sarib\Desktop\HakanCalismalar\Blazor\AgentTest\Fuzz.Domain\bin\Debug\net10.0\Fuzz.Domain.dll", "bin\Debug\net10.0\Fuzz.Domain.dll" ├╝zerine kopyalanamad─▒. 2 numaral─▒ yeniden denemeye 1000 ms i├ğinde ba┼şlanacak. The process cannot access the file 'C:\Users\sarib\Desktop\HakanCalismalar\Blazor\AgentTest\Fuzz.Web\bin\Debug\net10.0\Fuzz.Domain.dll' because it is being used by another process. Dosya ┼şunun taraf─▒ndan kilitlendi: "Microsoft Visual Studio 2022 (12804), Fuzz.Web (9604)" [C:\Users\sarib\Desktop\HakanCalismalar\Blazor\AgentTest\Fuzz.Web\Fuzz.Web.csproj]
C:\Program Files\dotnet\sdk\10.0.102\Microsoft.Common.CurrentVersion.targets(5080,5): warning MSB3026: "C:\Users\sarib\Desktop\HakanCalismalar\Blazor\AgentTest\Fuzz.Web.Client\bin\Debug\net10.0\Fuzz.Web.Client.dll", "bin\Debug\net10.0\Fuzz.Web.Client.dll" ├╝zerine kopyalanamad─▒. 3 numaral─▒ yeniden denemeye 1000 ms i├ğinde ba┼şlanacak. The process cannot access the file 'C:\Users\sarib\Desktop\HakanCalismalar\Blazor\AgentTest\Fuzz.Web\bin\Debug\net10.0\Fuzz.Web.Client.dll' because it is being used by another process. Dosya ┼şunun taraf─▒ndan kilitlendi: "Fuzz.Web (9604)" [C:\Users\sarib\Desktop\HakanCalismalar\Blazor\AgentTest\Fuzz.Web\Fuzz.Web.csproj]
C:\Program Files\dotnet\sdk\10.0.102\Microsoft.Common.CurrentVersion.targets(5080,5): warning MSB3026: "C:\Users\sarib\Desktop\HakanCalismalar\Blazor\AgentTest\Fuzz.Domain\bin\Debug\net10.0\Fuzz.Domain.dll", "bin\Debug\net10.0\Fuzz.Domain.dll" ├╝zerine kopyalanamad─▒. 3 numaral─▒ yeniden denemeye 1000 ms i├ğinde ba┼şlanacak. The process cannot access the file 'C:\Users\sarib\Desktop\HakanCalismalar\Blazor\AgentTest\Fuzz.Web\bin\Debug\net10.0\Fuzz.Domain.dll' because it is being used by another process. Dosya ┼şunun taraf─▒ndan kilitlendi: "Microsoft Visual Studio 2022 (12804), Fuzz.Web (9604)" [C:\Users\sarib\Desktop\HakanCalismalar\Blazor\AgentTest\Fuzz.Web\Fuzz.Web.csproj]
C:\Program Files\dotnet\sdk\10.0.102\Microsoft.Common.CurrentVersion.targets(5080,5): warning MSB3026: "C:\Users\sarib\Desktop\HakanCalismalar\Blazor\AgentTest\Fuzz.Web.Client\bin\Debug\net10.0\Fuzz.Web.Client.dll", "bin\Debug\net10.0\Fuzz.Web.Client.dll" ├╝zerine kopyalanamad─▒. 4 numaral─▒ yeniden denemeye 1000 ms i├ğinde ba┼şlanacak. The process cannot access the file 'C:\Users\sarib\Desktop\HakanCalismalar\Blazor\AgentTest\Fuzz.Web\bin\Debug\net10.0\Fuzz.Web.Client.dll' because it is being used by another process. Dosya ┼şunun taraf─▒ndan kilitlendi: "Fuzz.Web (9604)" [C:\Users\sarib\Desktop\HakanCalismalar\Blazor\AgentTest\Fuzz.Web\Fuzz.Web.csproj]
C:\Program Files\dotnet\sdk\10.0.102\Microsoft.Common.CurrentVersion.targets(5080,5): warning MSB3026: "C:\Users\sarib\Desktop\HakanCalismalar\Blazor\AgentTest\Fuzz.Domain\bin\Debug\net10.0\Fuzz.Domain.dll", "bin\Debug\net10.0\Fuzz.Domain.dll" ├╝zerine kopyalanamad─▒. 4 numaral─▒ yeniden denemeye 1000 ms i├ğinde ba┼şlanacak. The process cannot access the file 'C:\Users\sarib\Desktop\HakanCalismalar\Blazor\AgentTest\Fuzz.Web\bin\Debug\net10.0\Fuzz.Domain.dll' because it is being used by another process. Dosya ┼şunun taraf─▒ndan kilitlendi: "Microsoft Visual Studio 2022 (12804), Fuzz.Web (9604)" [C:\Users\sarib\Desktop\HakanCalismalar\Blazor\AgentTest\Fuzz.Web\Fuzz.Web.csproj]
C:\Program Files\dotnet\sdk\10.0.102\Microsoft.Common.CurrentVersion.targets(5080,5): warning MSB3026: "C:\Users\sarib\Desktop\HakanCalismalar\Blazor\AgentTest\Fuzz.Web.Client\bin\Debug\net10.0\Fuzz.Web.Client.dll", "bin\Debug\net10.0\Fuzz.Web.Client.dll" ├╝zerine kopyalanamad─▒. 5 numaral─▒ yeniden denemeye 1000 ms i├ğinde ba┼şlanacak. The process cannot access the file 'C:\Users\sarib\Desktop\HakanCalismalar\Blazor\AgentTest\Fuzz.Web\bin\Debug\net10.0\Fuzz.Web.Client.dll' because it is being used by another process. Dosya ┼şunun taraf─▒ndan kilitlendi: "Fuzz.Web (9604)" [C:\Users\sarib\Desktop\HakanCalismalar\Blazor\AgentTest\Fuzz.Web\Fuzz.Web.csproj]
C:\Program Files\dotnet\sdk\10.0.102\Microsoft.Common.CurrentVersion.targets(5080,5): warning MSB3026: "C:\Users\sarib\Desktop\HakanCalismalar\Blazor\AgentTest\Fuzz.Domain\bin\Debug\net10.0\Fuzz.Domain.dll", "bin\Debug\net10.0\Fuzz.Domain.dll" ├╝zerine kopyalanamad─▒. 5 numaral─▒ yeniden denemeye 1000 ms i├ğinde ba┼şlanacak. The process cannot access the file 'C:\Users\sarib\Desktop\HakanCalismalar\Blazor\AgentTest\Fuzz.Web\bin\Debug\net10.0\Fuzz.Domain.dll' because it is being used by another process. Dosya ┼şunun taraf─▒ndan kilitlendi: "Microsoft Visual Studio 2022 (12804), Fuzz.Web (9604)" [C:\Users\sarib\Desktop\HakanCalismalar\Blazor\AgentTest\Fuzz.Web\Fuzz.Web.csproj]
C:\Program Files\dotnet\sdk\10.0.102\Microsoft.Common.CurrentVersion.targets(5080,5): warning MSB3026: "C:\Users\sarib\Desktop\HakanCalismalar\Blazor\AgentTest\Fuzz.Web.Client\bin\Debug\net10.0\Fuzz.Web.Client.dll", "bin\Debug\net10.0\Fuzz.Web.Client.dll" ├╝zerine kopyalanamad─▒. 6 numaral─▒ yeniden denemeye 1000 ms i├ğinde ba┼şlanacak. The process cannot access the file 'C:\Users\sarib\Desktop\HakanCalismalar\Blazor\AgentTest\Fuzz.Web\bin\Debug\net10.0\Fuzz.Web.Client.dll' because it is being used by another process. Dosya ┼şunun taraf─▒ndan kilitlendi: "Fuzz.Web (9604)" [C:\Users\sarib\Desktop\HakanCalismalar\Blazor\AgentTest\Fuzz.Web\Fuzz.Web.csproj]
C:\Program Files\dotnet\sdk\10.0.102\Microsoft.Common.CurrentVersion.targets(5080,5): warning MSB3026: "C:\Users\sarib\Desktop\HakanCalismalar\Blazor\AgentTest\Fuzz.Domain\bin\Debug\net10.0\Fuzz.Domain.dll", "bin\Debug\net10.0\Fuzz.Domain.dll" ├╝zerine kopyalanamad─▒. 6 numaral─▒ yeniden denemeye 1000 ms i├ğinde ba┼şlanacak. The process cannot access the file 'C:\Users\sarib\Desktop\HakanCalismalar\Blazor\AgentTest\Fuzz.Web\bin\Debug\net10.0\Fuzz.Domain.dll' because it is being used by another process. Dosya ┼şunun taraf─▒ndan kilitlendi: "Microsoft Visual Studio 2022 (12804), Fuzz.Web (9604)" [C:\Users\sarib\Desktop\HakanCalismalar\Blazor\AgentTest\Fuzz.Web\Fuzz.Web.csproj]
C:\Program Files\dotnet\sdk\10.0.102\Microsoft.Common.CurrentVersion.targets(5080,5): warning MSB3026: "C:\Users\sarib\Desktop\HakanCalismalar\Blazor\AgentTest\Fuzz.Web.Client\bin\Debug\net10.0\Fuzz.Web.Client.dll", "bin\Debug\net10.0\Fuzz.Web.Client.dll" ├╝zerine kopyalanamad─▒. 7 numaral─▒ yeniden denemeye 1000 ms i├ğinde ba┼şlanacak. The process cannot access the file 'C:\Users\sarib\Desktop\HakanCalismalar\Blazor\AgentTest\Fuzz.Web\bin\Debug\net10.0\Fuzz.Web.Client.dll' because it is being used by another process. Dosya ┼şunun taraf─▒ndan kilitlendi: "Fuzz.Web (9604)" [C:\Users\sarib\Desktop\HakanCalismalar\Blazor\AgentTest\Fuzz.Web\Fuzz.Web.csproj]
C:\Program Files\dotnet\sdk\10.0.102\Microsoft.Common.CurrentVersion.targets(5080,5): warning MSB3026: "C:\Users\sarib\Desktop\HakanCalismalar\Blazor\AgentTest\Fuzz.Domain\bin\Debug\net10.0\Fuzz.Domain.dll", "bin\Debug\net10.0\Fuzz.Domain.dll" ├╝zerine kopyalanamad─▒. 7 numaral─▒ yeniden denemeye 1000 ms i├ğinde ba┼şlanacak. The process cannot access the file 'C:\Users\sarib\Desktop\HakanCalismalar\Blazor\AgentTest\Fuzz.Web\bin\Debug\net10.0\Fuzz.Domain.dll' because it is being used by another process. Dosya ┼şunun taraf─▒ndan kilitlendi: "Microsoft Visual Studio 2022 (12804), Fuzz.Web (9604)" [C:\Users\sarib\Desktop\HakanCalismalar\Blazor\AgentTest\Fuzz.Web\Fuzz.Web.csproj]
C:\Program Files\dotnet\sdk\10.0.102\Microsoft.Common.CurrentVersion.targets(5080,5): warning MSB3026: "C:\Users\sarib\Desktop\HakanCalismalar\Blazor\AgentTest\Fuzz.Web.Client\bin\Debug\net10.0\Fuzz.Web.Client.dll", "bin\Debug\net10.0\Fuzz.Web.Client.dll" ├╝zerine kopyalanamad─▒. 8 numaral─▒ yeniden denemeye 1000 ms i├ğinde ba┼şlanacak. The process cannot access the file 'C:\Users\sarib\Desktop\HakanCalismalar\Blazor\AgentTest\Fuzz.Web\bin\Debug\net10.0\Fuzz.Web.Client.dll' because it is being used by another process. Dosya ┼şunun taraf─▒ndan kilitlendi: "Fuzz.Web (9604)" [C:\Users\sarib\Desktop\HakanCalismalar\Blazor\AgentTest\Fuzz.Web\Fuzz.Web.csproj]
C:\Program Files\dotnet\sdk\10.0.102\Microsoft.Common.CurrentVersion.targets(5080,5): warning MSB3026: "C:\Users\sarib\Desktop\HakanCalismalar\Blazor\AgentTest\Fuzz.Domain\bin\Debug\net10.0\Fuzz.Domain.dll", "bin\Debug\net10.0\Fuzz.Domain.dll" ├╝zerine kopyalanamad─▒. 8 numaral─▒ yeniden denemeye 1000 ms i├ğinde ba┼şlanacak. The process cannot access the file 'C:\Users\sarib\Desktop\HakanCalismalar\Blazor\AgentTest\Fuzz.Web\bin\Debug\net10.0\Fuzz.Domain.dll' because it is being used by another process. Dosya ┼şunun taraf─▒ndan kilitlendi: "Microsoft Visual Studio 2022 (12804), Fuzz.Web (9604)" [C:\Users\sarib\Desktop\HakanCalismalar\Blazor\AgentTest\Fuzz.Web\Fuzz.Web.csproj]
C:\Program Files\dotnet\sdk\10.0.102\Microsoft.Common.CurrentVersion.targets(5080,5): warning MSB3026: "C:\Users\sarib\Desktop\HakanCalismalar\Blazor\AgentTest\Fuzz.Web.Client\bin\Debug\net10.0\Fuzz.Web.Client.dll", "bin\Debug\net10.0\Fuzz.Web.Client.dll" ├╝zerine kopyalanamad─▒. 9 numaral─▒ yeniden denemeye 1000 ms i├ğinde ba┼şlanacak. The process cannot access the file 'C:\Users\sarib\Desktop\HakanCalismalar\Blazor\AgentTest\Fuzz.Web\bin\Debug\net10.0\Fuzz.Web.Client.dll' because it is being used by another process. Dosya ┼şunun taraf─▒ndan kilitlendi: "Fuzz.Web (9604)" [C:\Users\sarib\Desktop\HakanCalismalar\Blazor\AgentTest\Fuzz.Web\Fuzz.Web.csproj]
C:\Program Files\dotnet\sdk\10.0.102\Microsoft.Common.CurrentVersion.targets(5080,5): warning MSB3026: "C:\Users\sarib\Desktop\HakanCalismalar\Blazor\AgentTest\Fuzz.Domain\bin\Debug\net10.0\Fuzz.Domain.dll", "bin\Debug\net10.0\Fuzz.Domain.dll" ├╝zerine kopyalanamad─▒. 9 numaral─▒ yeniden denemeye 1000 ms i├ğinde ba┼şlanacak. The process cannot access the file 'C:\Users\sarib\Desktop\HakanCalismalar\Blazor\AgentTest\Fuzz.Web\bin\Debug\net10.0\Fuzz.Domain.dll' because it is being used by another process. Dosya ┼şunun taraf─▒ndan kilitlendi: "Microsoft Visual Studio 2022 (12804), Fuzz.Web (9604)" [C:\Users\sarib\Desktop\HakanCalismalar\Blazor\AgentTest\Fuzz.Web\Fuzz.Web.csproj]
C:\Program Files\dotnet\sdk\10.0.102\Microsoft.Common.CurrentVersion.targets(5080,5): warning MSB3026: "C:\Users\sarib\Desktop\HakanCalismalar\Blazor\AgentTest\Fuzz.Web.Client\bin\Debug\net10.0\Fuzz.Web.Client.dll", "bin\Debug\net10.0\Fuzz.Web.Client.dll" ├╝zerine kopyalanamad─▒. 10 numaral─▒ yeniden denemeye 1000 ms i├ğinde ba┼şlanacak. The process cannot access the file 'C:\Users\sarib\Desktop\HakanCalismalar\Blazor\AgentTest\Fuzz.Web\bin\Debug\net10.0\Fuzz.Web.Client.dll' because it is being used by another process. Dosya ┼şunun taraf─▒ndan kilitlendi: "Fuzz.Web (9604)" [C:\Users\sarib\Desktop\HakanCalismalar\Blazor\AgentTest\Fuzz.Web\Fuzz.Web.csproj]
C:\Program Files\dotnet\sdk\10.0.102\Microsoft.Common.CurrentVersion.targets(5080,5): warning MSB3026: "C:\Users\sarib\Desktop\HakanCalismalar\Blazor\AgentTest\Fuzz.Domain\bin\Debug\net10.0\Fuzz.Domain.dll", "bin\Debug\net10.0\Fuzz.Domain.dll" ├╝zerine kopyalanamad─▒. 10 numaral─▒ yeniden denemeye 1000 ms i├ğinde ba┼şlanacak. The process cannot access the file 'C:\Users\sarib\Desktop\HakanCalismalar\Blazor\AgentTest\Fuzz.Web\bin\Debug\net10.0\Fuzz.Domain.dll' because it is being used by another process. Dosya ┼şunun taraf─▒ndan kilitlendi: "Microsoft Visual Studio 2022 (12804), Fuzz.Web (9604)" [C:\Users\sarib\Desktop\HakanCalismalar\Blazor\AgentTest\Fuzz.Web\Fuzz.Web.csproj]
C:\Program Files\dotnet\sdk\10.0.102\Microsoft.Common.CurrentVersion.targets(5080,5): error MSB3027: "C:\Users\sarib\Desktop\HakanCalismalar\Blazor\AgentTest\Fuzz.Web.Client\bin\Debug\net10.0\Fuzz.Web.Client.dll", "bin\Debug\net10.0\Fuzz.Web.Client.dll" ├╝zerine kopyalanamad─▒. 10 yeniden deneme say─▒s─▒ a┼ş─▒ld─▒. Ba┼şar─▒s─▒z oldu. Dosya ┼şunun taraf─▒ndan kilitlendi: "Fuzz.Web (9604)" [C:\Users\sarib\Desktop\HakanCalismalar\Blazor\AgentTest\Fuzz.Web\Fuzz.Web.csproj]
C:\Program Files\dotnet\sdk\10.0.102\Microsoft.Common.CurrentVersion.targets(5080,5): error MSB3021: "C:\Users\sarib\Desktop\HakanCalismalar\Blazor\AgentTest\Fuzz.Web.Client\bin\Debug\net10.0\Fuzz.Web.Client.dll" dosyas─▒ "bin\Debug\net10.0\Fuzz.Web.Client.dll" ├╝zerine kopyalanam─▒yor. The process cannot access the file 'C:\Users\sarib\Desktop\HakanCalismalar\Blazor\AgentTest\Fuzz.Web\bin\Debug\net10.0\Fuzz.Web.Client.dll' because it is being used by another process. [C:\Users\sarib\Desktop\HakanCalismalar\Blazor\AgentTest\Fuzz.Web\Fuzz.Web.csproj]
C:\Program Files\dotnet\sdk\10.0.102\Microsoft.Common.CurrentVersion.targets(5080,5): error MSB3027: "C:\Users\sarib\Desktop\HakanCalismalar\Blazor\AgentTest\Fuzz.Domain\bin\Debug\net10.0\Fuzz.Domain.dll", "bin\Debug\net10.0\Fuzz.Domain.dll" ├╝zerine kopyalanamad─▒. 10 yeniden deneme say─▒s─▒ a┼ş─▒ld─▒. Ba┼şar─▒s─▒z oldu. Dosya ┼şunun taraf─▒ndan kilitlendi: "Microsoft Visual Studio 2022 (12804), Fuzz.Web (9604)" [C:\Users\sarib\Desktop\HakanCalismalar\Blazor\AgentTest\Fuzz.Web\Fuzz.Web.csproj]
C:\Program Files\dotnet\sdk\10.0.102\Microsoft.Common.CurrentVersion.targets(5080,5): error MSB3021: "C:\Users\sarib\Desktop\HakanCalismalar\Blazor\AgentTest\Fuzz.Domain\bin\Debug\net10.0\Fuzz.Domain.dll" dosyas─▒ "bin\Debug\net10.0\Fuzz.Domain.dll" ├╝zerine kopyalanam─▒yor. The process cannot access the file 'C:\Users\sarib\Desktop\HakanCalismalar\Blazor\AgentTest\Fuzz.Web\bin\Debug\net10.0\Fuzz.Domain.dll' because it is being used by another process. [C:\Users\sarib\Desktop\HakanCalismalar\Blazor\AgentTest\Fuzz.Web\Fuzz.Web.csproj]

Olu┼şturma BA┼ŞARISIZ OLDU.

C:\Program Files\dotnet\sdk\10.0.102\Microsoft.Common.CurrentVersion.targets(5080,5): warning MSB3026: "C:\Users\sarib\Desktop\HakanCalismalar\Blazor\AgentTest\Fuzz.Web.Client\bin\Debug\net10.0\Fuzz.Web.Client.dll", "bin\Debug\net10.0\Fuzz.Web.Client.dll" ├╝zerine kopyalanamad─▒. 1 numaral─▒ yeniden denemeye 1000 ms i├ğinde ba┼şlanacak. The process cannot access the file 'C:\Users\sarib\Desktop\HakanCalismalar\Blazor\AgentTest\Fuzz.Web\bin\Debug\net10.0\Fuzz.Web.Client.dll' because it is being used by another process. Dosya ┼şunun taraf─▒ndan kilitlendi: "Fuzz.Web (9604)" [C:\Users\sarib\Desktop\HakanCalismalar\Blazor\AgentTest\Fuzz.Web\Fuzz.Web.csproj]
C:\Program Files\dotnet\sdk\10.0.102\Microsoft.Common.CurrentVersion.targets(5080,5): warning MSB3026: "C:\Users\sarib\Desktop\HakanCalismalar\Blazor\AgentTest\Fuzz.Domain\bin\Debug\net10.0\Fuzz.Domain.dll", "bin\Debug\net10.0\Fuzz.Domain.dll" ├╝zerine kopyalanamad─▒. 1 numaral─▒ yeniden denemeye 1000 ms i├ğinde ba┼şlanacak. The process cannot access the file 'C:\Users\sarib\Desktop\HakanCalismalar\Blazor\AgentTest\Fuzz.Web\bin\Debug\net10.0\Fuzz.Domain.dll' because it is being used by another process. Dosya ┼şunun taraf─▒ndan kilitlendi: "Microsoft Visual Studio 2022 (12804), Fuzz.Web (9604)" [C:\Users\sarib\Desktop\HakanCalismalar\Blazor\AgentTest\Fuzz.Web\Fuzz.Web.csproj]
C:\Program Files\dotnet\sdk\10.0.102\Microsoft.Common.CurrentVersion.targets(5080,5): warning MSB3026: "C:\Users\sarib\Desktop\HakanCalismalar\Blazor\AgentTest\Fuzz.Web.Client\bin\Debug\net10.0\Fuzz.Web.Client.dll", "bin\Debug\net10.0\Fuzz.Web.Client.dll" ├╝zerine kopyalanamad─▒. 2 numaral─▒ yeniden denemeye 1000 ms i├ğinde ba┼şlanacak. The process cannot access the file 'C:\Users\sarib\Desktop\HakanCalismalar\Blazor\AgentTest\Fuzz.Web\bin\Debug\net10.0\Fuzz.Web.Client.dll' because it is being used by another process. Dosya ┼şunun taraf─▒ndan kilitlendi: "Fuzz.Web (9604)" [C:\Users\sarib\Desktop\HakanCalismalar\Blazor\AgentTest\Fuzz.Web\Fuzz.Web.csproj]
C:\Program Files\dotnet\sdk\10.0.102\Microsoft.Common.CurrentVersion.targets(5080,5): warning MSB3026: "C:\Users\sarib\Desktop\HakanCalismalar\Blazor\AgentTest\Fuzz.Domain\bin\Debug\net10.0\Fuzz.Domain.dll", "bin\Debug\net10.0\Fuzz.Domain.dll" ├╝zerine kopyalanamad─▒. 2 numaral─▒ yeniden denemeye 1000 ms i├ğinde ba┼şlanacak. The process cannot access the file 'C:\Users\sarib\Desktop\HakanCalismalar\Blazor\AgentTest\Fuzz.Web\bin\Debug\net10.0\Fuzz.Domain.dll' because it is being used by another process. Dosya ┼şunun taraf─▒ndan kilitlendi: "Microsoft Visual Studio 2022 (12804), Fuzz.Web (9604)" [C:\Users\sarib\Desktop\HakanCalismalar\Blazor\AgentTest\Fuzz.Web\Fuzz.Web.csproj]
C:\Program Files\dotnet\sdk\10.0.102\Microsoft.Common.CurrentVersion.targets(5080,5): warning MSB3026: "C:\Users\sarib\Desktop\HakanCalismalar\Blazor\AgentTest\Fuzz.Web.Client\bin\Debug\net10.0\Fuzz.Web.Client.dll", "bin\Debug\net10.0\Fuzz.Web.Client.dll" ├╝zerine kopyalanamad─▒. 3 numaral─▒ yeniden denemeye 1000 ms i├ğinde ba┼şlanacak. The process cannot access the file 'C:\Users\sarib\Desktop\HakanCalismalar\Blazor\AgentTest\Fuzz.Web\bin\Debug\net10.0\Fuzz.Web.Client.dll' because it is being used by another process. Dosya ┼şunun taraf─▒ndan kilitlendi: "Fuzz.Web (9604)" [C:\Users\sarib\Desktop\HakanCalismalar\Blazor\AgentTest\Fuzz.Web\Fuzz.Web.csproj]
C:\Program Files\dotnet\sdk\10.0.102\Microsoft.Common.CurrentVersion.targets(5080,5): warning MSB3026: "C:\Users\sarib\Desktop\HakanCalismalar\Blazor\AgentTest\Fuzz.Domain\bin\Debug\net10.0\Fuzz.Domain.dll", "bin\Debug\net10.0\Fuzz.Domain.dll" ├╝zerine kopyalanamad─▒. 3 numaral─▒ yeniden denemeye 1000 ms i├ğinde ba┼şlanacak. The process cannot access the file 'C:\Users\sarib\Desktop\HakanCalismalar\Blazor\AgentTest\Fuzz.Web\bin\Debug\net10.0\Fuzz.Domain.dll' because it is being used by another process. Dosya ┼şunun taraf─▒ndan kilitlendi: "Microsoft Visual Studio 2022 (12804), Fuzz.Web (9604)" [C:\Users\sarib\Desktop\HakanCalismalar\Blazor\AgentTest\Fuzz.Web\Fuzz.Web.csproj]
C:\Program Files\dotnet\sdk\10.0.102\Microsoft.Common.CurrentVersion.targets(5080,5): warning MSB3026: "C:\Users\sarib\Desktop\HakanCalismalar\Blazor\AgentTest\Fuzz.Web.Client\bin\Debug\net10.0\Fuzz.Web.Client.dll", "bin\Debug\net10.0\Fuzz.Web.Client.dll" ├╝zerine kopyalanamad─▒. 4 numaral─▒ yeniden denemeye 1000 ms i├ğinde ba┼şlanacak. The process cannot access the file 'C:\Users\sarib\Desktop\HakanCalismalar\Blazor\AgentTest\Fuzz.Web\bin\Debug\net10.0\Fuzz.Web.Client.dll' because it is being used by another process. Dosya ┼şunun taraf─▒ndan kilitlendi: "Fuzz.Web (9604)" [C:\Users\sarib\Desktop\HakanCalismalar\Blazor\AgentTest\Fuzz.Web\Fuzz.Web.csproj]
C:\Program Files\dotnet\sdk\10.0.102\Microsoft.Common.CurrentVersion.targets(5080,5): warning MSB3026: "C:\Users\sarib\Desktop\HakanCalismalar\Blazor\AgentTest\Fuzz.Domain\bin\Debug\net10.0\Fuzz.Domain.dll", "bin\Debug\net10.0\Fuzz.Domain.dll" ├╝zerine kopyalanamad─▒. 4 numaral─▒ yeniden denemeye 1000 ms i├ğinde ba┼şlanacak. The process cannot access the file 'C:\Users\sarib\Desktop\HakanCalismalar\Blazor\AgentTest\Fuzz.Web\bin\Debug\net10.0\Fuzz.Domain.dll' because it is being used by another process. Dosya ┼şunun taraf─▒ndan kilitlendi: "Microsoft Visual Studio 2022 (12804), Fuzz.Web (9604)" [C:\Users\sarib\Desktop\HakanCalismalar\Blazor\AgentTest\Fuzz.Web\Fuzz.Web.csproj]
C:\Program Files\dotnet\sdk\10.0.102\Microsoft.Common.CurrentVersion.targets(5080,5): warning MSB3026: "C:\Users\sarib\Desktop\HakanCalismalar\Blazor\AgentTest\Fuzz.Web.Client\bin\Debug\net10.0\Fuzz.Web.Client.dll", "bin\Debug\net10.0\Fuzz.Web.Client.dll" ├╝zerine kopyalanamad─▒. 5 numaral─▒ yeniden denemeye 1000 ms i├ğinde ba┼şlanacak. The process cannot access the file 'C:\Users\sarib\Desktop\HakanCalismalar\Blazor\AgentTest\Fuzz.Web\bin\Debug\net10.0\Fuzz.Web.Client.dll' because it is being used by another process. Dosya ┼şunun taraf─▒ndan kilitlendi: "Fuzz.Web (9604)" [C:\Users\sarib\Desktop\HakanCalismalar\Blazor\AgentTest\Fuzz.Web\Fuzz.Web.csproj]
C:\Program Files\dotnet\sdk\10.0.102\Microsoft.Common.CurrentVersion.targets(5080,5): warning MSB3026: "C:\Users\sarib\Desktop\HakanCalismalar\Blazor\AgentTest\Fuzz.Domain\bin\Debug\net10.0\Fuzz.Domain.dll", "bin\Debug\net10.0\Fuzz.Domain.dll" ├╝zerine kopyalanamad─▒. 5 numaral─▒ yeniden denemeye 1000 ms i├ğinde ba┼şlanacak. The process cannot access the file 'C:\Users\sarib\Desktop\HakanCalismalar\Blazor\AgentTest\Fuzz.Web\bin\Debug\net10.0\Fuzz.Domain.dll' because it is being used by another process. Dosya ┼şunun taraf─▒ndan kilitlendi: "Microsoft Visual Studio 2022 (12804), Fuzz.Web (9604)" [C:\Users\sarib\Desktop\HakanCalismalar\Blazor\AgentTest\Fuzz.Web\Fuzz.Web.csproj]
C:\Program Files\dotnet\sdk\10.0.102\Microsoft.Common.CurrentVersion.targets(5080,5): warning MSB3026: "C:\Users\sarib\Desktop\HakanCalismalar\Blazor\AgentTest\Fuzz.Web.Client\bin\Debug\net10.0\Fuzz.Web.Client.dll", "bin\Debug\net10.0\Fuzz.Web.Client.dll" ├╝zerine kopyalanamad─▒. 6 numaral─▒ yeniden denemeye 1000 ms i├ğinde ba┼şlanacak. The process cannot access the file 'C:\Users\sarib\Desktop\HakanCalismalar\Blazor\AgentTest\Fuzz.Web\bin\Debug\net10.0\Fuzz.Web.Client.dll' because it is being used by another process. Dosya ┼şunun taraf─▒ndan kilitlendi: "Fuzz.Web (9604)" [C:\Users\sarib\Desktop\HakanCalismalar\Blazor\AgentTest\Fuzz.Web\Fuzz.Web.csproj]
C:\Program Files\dotnet\sdk\10.0.102\Microsoft.Common.CurrentVersion.targets(5080,5): warning MSB3026: "C:\Users\sarib\Desktop\HakanCalismalar\Blazor\AgentTest\Fuzz.Domain\bin\Debug\net10.0\Fuzz.Domain.dll", "bin\Debug\net10.0\Fuzz.Domain.dll" ├╝zerine kopyalanamad─▒. 6 numaral─▒ yeniden denemeye 1000 ms i├ğinde ba┼şlanacak. The process cannot access the file 'C:\Users\sarib\Desktop\HakanCalismalar\Blazor\AgentTest\Fuzz.Web\bin\Debug\net10.0\Fuzz.Domain.dll' because it is being used by another process. Dosya ┼şunun taraf─▒ndan kilitlendi: "Microsoft Visual Studio 2022 (12804), Fuzz.Web (9604)" [C:\Users\sarib\Desktop\HakanCalismalar\Blazor\AgentTest\Fuzz.Web\Fuzz.Web.csproj]
C:\Program Files\dotnet\sdk\10.0.102\Microsoft.Common.CurrentVersion.targets(5080,5): warning MSB3026: "C:\Users\sarib\Desktop\HakanCalismalar\Blazor\AgentTest\Fuzz.Web.Client\bin\Debug\net10.0\Fuzz.Web.Client.dll", "bin\Debug\net10.0\Fuzz.Web.Client.dll" ├╝zerine kopyalanamad─▒. 7 numaral─▒ yeniden denemeye 1000 ms i├ğinde ba┼şlanacak. The process cannot access the file 'C:\Users\sarib\Desktop\HakanCalismalar\Blazor\AgentTest\Fuzz.Web\bin\Debug\net10.0\Fuzz.Web.Client.dll' because it is being used by another process. Dosya ┼şunun taraf─▒ndan kilitlendi: "Fuzz.Web (9604)" [C:\Users\sarib\Desktop\HakanCalismalar\Blazor\AgentTest\Fuzz.Web\Fuzz.Web.csproj]
C:\Program Files\dotnet\sdk\10.0.102\Microsoft.Common.CurrentVersion.targets(5080,5): warning MSB3026: "C:\Users\sarib\Desktop\HakanCalismalar\Blazor\AgentTest\Fuzz.Domain\bin\Debug\net10.0\Fuzz.Domain.dll", "bin\Debug\net10.0\Fuzz.Domain.dll" ├╝zerine kopyalanamad─▒. 7 numaral─▒ yeniden denemeye 1000 ms i├ğinde ba┼şlanacak. The process cannot access the file 'C:\Users\sarib\Desktop\HakanCalismalar\Blazor\AgentTest\Fuzz.Web\bin\Debug\net10.0\Fuzz.Domain.dll' because it is being used by another process. Dosya ┼şunun taraf─▒ndan kilitlendi: "Microsoft Visual Studio 2022 (12804), Fuzz.Web (9604)" [C:\Users\sarib\Desktop\HakanCalismalar\Blazor\AgentTest\Fuzz.Web\Fuzz.Web.csproj]
C:\Program Files\dotnet\sdk\10.0.102\Microsoft.Common.CurrentVersion.targets(5080,5): warning MSB3026: "C:\Users\sarib\Desktop\HakanCalismalar\Blazor\AgentTest\Fuzz.Web.Client\bin\Debug\net10.0\Fuzz.Web.Client.dll", "bin\Debug\net10.0\Fuzz.Web.Client.dll" ├╝zerine kopyalanamad─▒. 8 numaral─▒ yeniden denemeye 1000 ms i├ğinde ba┼şlanacak. The process cannot access the file 'C:\Users\sarib\Desktop\HakanCalismalar\Blazor\AgentTest\Fuzz.Web\bin\Debug\net10.0\Fuzz.Web.Client.dll' because it is being used by another process. Dosya ┼şunun taraf─▒ndan kilitlendi: "Fuzz.Web (9604)" [C:\Users\sarib\Desktop\HakanCalismalar\Blazor\AgentTest\Fuzz.Web\Fuzz.Web.csproj]
C:\Program Files\dotnet\sdk\10.0.102\Microsoft.Common.CurrentVersion.targets(5080,5): warning MSB3026: "C:\Users\sarib\Desktop\HakanCalismalar\Blazor\AgentTest\Fuzz.Domain\bin\Debug\net10.0\Fuzz.Domain.dll", "bin\Debug\net10.0\Fuzz.Domain.dll" ├╝zerine kopyalanamad─▒. 8 numaral─▒ yeniden denemeye 1000 ms i├ğinde ba┼şlanacak. The process cannot access the file 'C:\Users\sarib\Desktop\HakanCalismalar\Blazor\AgentTest\Fuzz.Web\bin\Debug\net10.0\Fuzz.Domain.dll' because it is being used by another process. Dosya ┼şunun taraf─▒ndan kilitlendi: "Microsoft Visual Studio 2022 (12804), Fuzz.Web (9604)" [C:\Users\sarib\Desktop\HakanCalismalar\Blazor\AgentTest\Fuzz.Web\Fuzz.Web.csproj]
C:\Program Files\dotnet\sdk\10.0.102\Microsoft.Common.CurrentVersion.targets(5080,5): warning MSB3026: "C:\Users\sarib\Desktop\HakanCalismalar\Blazor\AgentTest\Fuzz.Web.Client\bin\Debug\net10.0\Fuzz.Web.Client.dll", "bin\Debug\net10.0\Fuzz.Web.Client.dll" ├╝zerine kopyalanamad─▒. 9 numaral─▒ yeniden denemeye 1000 ms i├ğinde ba┼şlanacak. The process cannot access the file 'C:\Users\sarib\Desktop\HakanCalismalar\Blazor\AgentTest\Fuzz.Web\bin\Debug\net10.0\Fuzz.Web.Client.dll' because it is being used by another process. Dosya ┼şunun taraf─▒ndan kilitlendi: "Fuzz.Web (9604)" [C:\Users\sarib\Desktop\HakanCalismalar\Blazor\AgentTest\Fuzz.Web\Fuzz.Web.csproj]
C:\Program Files\dotnet\sdk\10.0.102\Microsoft.Common.CurrentVersion.targets(5080,5): warning MSB3026: "C:\Users\sarib\Desktop\HakanCalismalar\Blazor\AgentTest\Fuzz.Domain\bin\Debug\net10.0\Fuzz.Domain.dll", "bin\Debug\net10.0\Fuzz.Domain.dll" ├╝zerine kopyalanamad─▒. 9 numaral─▒ yeniden denemeye 1000 ms i├ğinde ba┼şlanacak. The process cannot access the file 'C:\Users\sarib\Desktop\HakanCalismalar\Blazor\AgentTest\Fuzz.Web\bin\Debug\net10.0\Fuzz.Domain.dll' because it is being used by another process. Dosya ┼şunun taraf─▒ndan kilitlendi: "Microsoft Visual Studio 2022 (12804), Fuzz.Web (9604)" [C:\Users\sarib\Desktop\HakanCalismalar\Blazor\AgentTest\Fuzz.Web\Fuzz.Web.csproj]
C:\Program Files\dotnet\sdk\10.0.102\Microsoft.Common.CurrentVersion.targets(5080,5): warning MSB3026: "C:\Users\sarib\Desktop\HakanCalismalar\Blazor\AgentTest\Fuzz.Web.Client\bin\Debug\net10.0\Fuzz.Web.Client.dll", "bin\Debug\net10.0\Fuzz.Web.Client.dll" ├╝zerine kopyalanamad─▒. 10 numaral─▒ yeniden denemeye 1000 ms i├ğinde ba┼şlanacak. The process cannot access the file 'C:\Users\sarib\Desktop\HakanCalismalar\Blazor\AgentTest\Fuzz.Web\bin\Debug\net10.0\Fuzz.Web.Client.dll' because it is being used by another process. Dosya ┼şunun taraf─▒ndan kilitlendi: "Fuzz.Web (9604)" [C:\Users\sarib\Desktop\HakanCalismalar\Blazor\AgentTest\Fuzz.Web\Fuzz.Web.csproj]
C:\Program Files\dotnet\sdk\10.0.102\Microsoft.Common.CurrentVersion.targets(5080,5): warning MSB3026: "C:\Users\sarib\Desktop\HakanCalismalar\Blazor\AgentTest\Fuzz.Domain\bin\Debug\net10.0\Fuzz.Domain.dll", "bin\Debug\net10.0\Fuzz.Domain.dll" ├╝zerine kopyalanamad─▒. 10 numaral─▒ yeniden denemeye 1000 ms i├ğinde ba┼şlanacak. The process cannot access the file 'C:\Users\sarib\Desktop\HakanCalismalar\Blazor\AgentTest\Fuzz.Web\bin\Debug\net10.0\Fuzz.Domain.dll' because it is being used by another process. Dosya ┼şunun taraf─▒ndan kilitlendi: "Microsoft Visual Studio 2022 (12804), Fuzz.Web (9604)" [C:\Users\sarib\Desktop\HakanCalismalar\Blazor\AgentTest\Fuzz.Web\Fuzz.Web.csproj]
C:\Program Files\dotnet\sdk\10.0.102\Microsoft.Common.CurrentVersion.targets(5080,5): error MSB3027: "C:\Users\sarib\Desktop\HakanCalismalar\Blazor\AgentTest\Fuzz.Web.Client\bin\Debug\net10.0\Fuzz.Web.Client.dll", "bin\Debug\net10.0\Fuzz.Web.Client.dll" ├╝zerine kopyalanamad─▒. 10 yeniden deneme say─▒s─▒ a┼ş─▒ld─▒. Ba┼şar─▒s─▒z oldu. Dosya ┼şunun taraf─▒ndan kilitlendi: "Fuzz.Web (9604)" [C:\Users\sarib\Desktop\HakanCalismalar\Blazor\AgentTest\Fuzz.Web\Fuzz.Web.csproj]
C:\Program Files\dotnet\sdk\10.0.102\Microsoft.Common.CurrentVersion.targets(5080,5): error MSB3021: "C:\Users\sarib\Desktop\HakanCalismalar\Blazor\AgentTest\Fuzz.Web.Client\bin\Debug\net10.0\Fuzz.Web.Client.dll" dosyas─▒ "bin\Debug\net10.0\Fuzz.Web.Client.dll" ├╝zerine kopyalanam─▒yor. The process cannot access the file 'C:\Users\sarib\Desktop\HakanCalismalar\Blazor\AgentTest\Fuzz.Web\bin\Debug\net10.0\Fuzz.Web.Client.dll' because it is being used by another process. [C:\Users\sarib\Desktop\HakanCalismalar\Blazor\AgentTest\Fuzz.Web\Fuzz.Web.csproj]
C:\Program Files\dotnet\sdk\10.0.102\Microsoft.Common.CurrentVersion.targets(5080,5): error MSB3027: "C:\Users\sarib\Desktop\HakanCalismalar\Blazor\AgentTest\Fuzz.Domain\bin\Debug\net10.0\Fuzz.Domain.dll", "bin\Debug\net10.0\Fuzz.Domain.dll" ├╝zerine kopyalanamad─▒. 10 yeniden deneme say─▒s─▒ a┼ş─▒ld─▒. Ba┼şar─▒s─▒z oldu. Dosya ┼şunun taraf─▒ndan kilitlendi: "Microsoft Visual Studio 2022 (12804), Fuzz.Web (9604)" [C:\Users\sarib\Desktop\HakanCalismalar\Blazor\AgentTest\Fuzz.Web\Fuzz.Web.csproj]
C:\Program Files\dotnet\sdk\10.0.102\Microsoft.Common.CurrentVersion.targets(5080,5): error MSB3021: "C:\Users\sarib\Desktop\HakanCalismalar\Blazor\AgentTest\Fuzz.Domain\bin\Debug\net10.0\Fuzz.Domain.dll" dosyas─▒ "bin\Debug\net10.0\Fuzz.Domain.dll" ├╝zerine kopyalanam─▒yor. The process cannot access the file 'C:\Users\sarib\Desktop\HakanCalismalar\Blazor\AgentTest\Fuzz.Web\bin\Debug\net10.0\Fuzz.Domain.dll' because it is being used by another process. [C:\Users\sarib\Desktop\HakanCalismalar\Blazor\AgentTest\Fuzz.Web\Fuzz.Web.csproj]
    20 Uyar─▒
    4 Hata

Ge├ğen S├╝re 00:00:14.25
